Computing total genEventSumw across all background files...
Total genEventSumw: 1220934627963.072
[1/41] /data/bmc/0082C29D-E74C-024A-BE9B-97B29EE7A4A2.root done in 118.9s
[2/41] /data/bmc/0718C107-8960-6B44-B96A-C60D53D52A95.root done in 125.9s
[3/41] /data/bmc/0A995C8D-0ACC-7E45-8C7A-16AC51398938.root done in 73.3s
[4/41] /data/bmc/18C499E2-9229-DC45-A68F-6A40600A5C8E.root done in 89.1s
[5/41] /data/bmc/18DA8B20-842D-0741-BAFB-1A1C7C522921.root done in 53.8s
[6/41] /data/bmc/196F07F8-8EC2-6A48-9036-8B7804B71A1F.root done in 63.2s
[7/41] /data/bmc/1D85E077-414B-0349-A901-CD6B3B3C349D.root done in 95.0s
[8/41] /data/bmc/226E10F4-29BC-CF45-B8BF-31B13B4EC1CE.root done in 99.9s
[9/41] /data/bmc/4046329B-AF7C-6142-9B76-7EE37FB93DCD.root done in 84.8s
[10/41] /data/bmc/440A3E55-6EE5-3642-B16C-F7FC5FAB5081.root done in 76.9s
[11/41] /data/bmc/4578E947-084C-C946-9B8D-1B45A126DCED.root done in 61.3s
[12/41] /data/bmc/4BD16DC1-5991-6549-9B08-17B67F92A986.root done in 96.5s
[13/41] /data/bmc/500A8824-5BD4-5741-AECD-FE1A7FD0098D.root done in 85.2s
[14/41] /data/bmc/52DA0012-7ABA-F94A-A7D3-2FC06E9DF43B.root done in 84.3s
[15/41] /data/bmc/5544E66D-B271-1649-A85B-C08F01375C57.root done in 96.2s
[16/41] /data/bmc/61CD4A4E-536B-3746-ACCB-6B573EB82118.root done in 94.3s
[17/41] /data/bmc/69C45E78-12E9-3D41-B5EF-DAF915460237.root done in 75.7s
[18/41] /data/bmc/6C3CD8A5-A288-724E-BF9F-BAAC46A4C139.root done in 27.8s
[19/41] /data/bmc/6D7ABB90-DD75-964F-A5CD-14D1B21FAB36.root done in 94.7s
[20/41] /data/bmc/7169FB77-0571-7641-B0D4-B4270ABF7B39.root done in 98.1s
[21/41] /data/bmc/74356482-D5C8-D546-85D3-416B9012D25D.root done in 73.1s
[22/41] /data/bmc/7AAA7AAD-2378-E547-B014-759BBEAA4C42.root done in 98.8s
[23/41] /data/bmc/9400079E-20CF-1449-BB3C-A7FCDE90F9BF.root done in 96.9s
[24/41] /data/bmc/94C0AF7B-6727-F246-8E57-384384DADE87.root done in 98.9s
[25/41] /data/bmc/969B7293-8E74-2A40-8D14-B33204BD6401.root done in 93.4s
[26/41] /data/bmc/9D579D34-7A90-DF4E-BD6B-A0E9565CF455.root done in 96.1s
[27/41] /data/bmc/9EDE17FC-CAB6-A146-9714-F1C496F1CBE2.root done in 96.0s
[28/41] /data/bmc/A17A523B-378F-9A4F-89D6-71C80D612F4E.root done in 95.0s
[29/41] /data/bmc/A2058F3B-C2A2-4E43-B963-6C5A4DC8084B.root done in 60.7s
[30/41] /data/bmc/A20C5B1A-2CFF-7B42-82A4-06347D0856A7.root done in 96.3s
[31/41] /data/bmc/AE5A627E-C8D7-974F-9698-C136D2BFFF1D.root done in 96.0s
[32/41] /data/bmc/AF650968-C8A8-9043-9BBB-F83AE7726FEE.root done in 100.6s
[33/41] /data/bmc/C3A045B1-F50D-C540-8AD5-2F32956D4AA1.root done in 94.6s
[34/41] /data/bmc/D05EF786-4706-D045-A152-4A81F06EDB04.root done in 93.7s
[35/41] /data/bmc/D20B2931-4C27-FF4E-B640-3404DFD65150.root done in 96.6s
[36/41] /data/bmc/D6094FF2-1AAE-784B-9991-AA8441B9FB45.root done in 96.9s
[37/41] /data/bmc/E0984EEB-ED4B-B84C-BDB7-845E8A2AB85C.root done in 96.0s
[38/41] /data/bmc/E215B4B9-11EA-D84F-A6D7-9FE57515B2CE.root done in 98.2s
[39/41] /data/bmc/E82ACE74-60DA-DC41-A2B0-EF750C4AB5E5.root done in 61.8s
[40/41] /data/bmc/E94099CB-E3C8-EB43-B182-4EA89C7C5411.root done in 80.3s
[41/41] /data/bmc/ED08B6D8-2823-D24D-B1BA-1141EA893E7B.root done in 55.2s

All files processed in 3570.4s
