[1/35] /data/mu/mu part1/0107961B-4308-F845-8F96-E14622BBA484.root done in 117.9s
[2/35] /data/mu/mu part1/0DEE1709-0416-F24B-ACB2-C68997CB6465.root done in 152.1s
[3/35] /data/mu/mu part1/0F03FF10-7F20-8A4E-A19A-418C090A3F97.root done in 85.1s
[4/35] /data/mu/mu part1/0F6506E1-94CC-E14B-AE40-F72BD37BF8D4.root done in 134.5s
[5/35] /data/mu/mu part1/1C08614E-0C0E-6044-966A-CAF630CAEF8F.root done in 88.9s
[6/35] /data/mu/mu part1/1D87B4FB-E31C-9F43-AC21-C32469DE9FC6.root done in 107.8s
[7/35] /data/mu/mu part1/1EB443F2-1230-8042-B8AE-FD50329CA59B.root done in 117.4s
[8/35] /data/mu/mu part1/2045F967-9F0A-7C46-9946-787B27D56E88.root done in 112.5s
[9/35] /data/mu/mu part1/236A04EE-C105-D947-8A2E-F8CC6731644F.root done in 99.0s
[10/35] /data/mu/mu part1/370BE877-DA24-DB41-A875-07A86EAB6852.root done in 50.6s
[11/35] /data/mu/mu part1/39B0B7DF-2C71-9E4E-952F-833475062880.root done in 137.0s
[12/35] /data/mu/mu part1/3A8A8FD7-1FB0-FC49-93FD-20378419A49A.root done in 77.1s
[13/35] /data/mu/mu part1/4C688018-90E1-5847-AEA3-D5F5DEB330EA.root done in 141.1s
[14/35] /data/mu/mu part1/50ADF677-F507-D044-BCF2-40392F4A89DB.root done in 107.2s
[15/35] /data/mu/mu part1/576759DA-4A35-534B-B926-2A9E4A5A7268.root done in 2.8s
[16/35] /data/mu/mu part1/5CA4CE73-629C-2F48-939C-4274B369F112.root done in 143.8s
[17/35] /data/mu/mu part1/60E957CB-2729-5D4C-B261-43406A639E8F.root done in 135.6s
[18/35] /data/mu/mu part1/61FC1E38-F75C-6B44-AD19-A9894155874E.root done in 1.1s
[19/35] /data/mu/mu part1/6CBB587F-1366-6F40-973C-7F98EA9C8335.root done in 89.1s
[20/35] /data/mu/mu part1/715BF52A-7FE3-D848-A45F-99A0DDA80205.root done in 130.1s
[21/35] /data/mu/mu part1/788CA5CB-13E0-544A-8427-33E4591CF20B.root done in 86.0s
[22/35] /data/mu/mu part1/791500CE-B4AB-7C46-91D7-4E689B94F55A.root done in 81.5s
[23/35] /data/mu/mu part1/8F3012A6-72CA-6C4F-81AA-64EEB640EA84.root done in 81.9s
[24/35] /data/mu/mu part1/8FB46D51-A84B-8043-A86B-25743CE20170.root done in 98.9s
[25/35] /data/mu/mu part1/BE433087-4E55-6F44-8EBF-EDD13E745BAE.root done in 118.5s
[26/35] /data/mu/mu part1/CBFBEA23-7C46-624E-98B1-2CAEE35458C8.root done in 67.6s
[27/35] /data/mu/mu part1/CEB3C22E-30A5-704F-BD07-BD6D0838DAFA.root done in 76.6s
[28/35] /data/mu/mu part1/CEE8B116-DBE4-E54F-B038-A81090B2A147.root done in 134.1s
[29/35] /data/mu/mu part1/D2F76766-1F43-264A-A39F-2DE68BF68752.root done in 131.1s
[30/35] /data/mu/mu part1/DBA71BF9-1B93-EC42-A96C-BD2B35E3538E.root done in 104.4s
[31/35] /data/mu/mu part1/E6C5C5AA-946B-A34C-ABB5-4B14AA0E9ED7.root done in 128.8s
[32/35] /data/mu/mu part1/E8E0A6FB-E2D7-BE40-B098-7FEABFB340FF.root done in 15.1s
[33/35] /data/mu/mu part1/EC4283CE-BB96-B845-8012-6ED0CC0FA7A2.root done in 109.2s
[34/35] /data/mu/mu part1/F4101B00-7984-C54F-98E9-2EF72AD66F43.root done in 104.8s
[35/35] /data/mu/mu part1/FE81EE6E-0E21-1847-9105-D700F2E762DB.root done in 123.0s

Data Part 1 processed in 3492.5s
